achieve1 
achieve_beagod 
achieve_worth 
achievement 
achievement0 
achievement3 
acm_a 
acm_l 
acm_logo 
acm_logo_bad 
acm_logo_drunk 
acm_logo_dv_morethanlife 
acm_logo_dv_ussr_good 
acm_logo_gohome 
acm_logo_green_fairy 
acm_logo_lamp 
acm_logo_meetmethere 
acm_logo_mi_allyours 
acm_logo_namiki 
acm_logo_ok 
acm_logo_ricochet 
acm_logo_sl_bad 
acm_logo_sl_fantazm 
acm_logo_sl_good 
acm_logo_sl_lone 
acm_logo_sl_ok 
acm_logo_sl_same_place 
acm_logo_sl_too_late 
acm_logo_sui 
acm_logo_theresnoway 
acm_logo_tillend 
acm_logo_tulpa 
acm_logo_un_good 
acm_m 
acm_o 
acm_qte 
acm_s 
acm_u 
alt_KS_censor 
alt_KS_censor2 
alt_cat_map 
alt_cat_map_pathfinding 
alt_cat_map_wireframe 
alt_credits 
alt_letter 
alt_tournament_bg 
anim 1 _prologue 
anim 2 _prologue 
anim 3 _prologue 
anim 4 _prologue 
anim blink_down 
anim blink_up 
anim candle_1 
anim candle_2 
anim intro_1 
anim intro_10 
anim intro_11 
anim intro_12 
anim intro_13 
anim intro_14 
anim intro_15 
anim intro_16 
anim intro_2 
anim intro_3 
anim intro_4 
anim intro_5 
anim intro_6 
anim intro_7 
anim intro_8 
anim intro_9 
anim owl_1 
anim owl_2 
anim prolog_1 
anim prolog_10 
anim prolog_11 
anim prolog_14 
anim prolog_15 
anim prolog_2 
anim prolog_3 
anim prolog_4 
anim prolog_5 
anim prologue_1 
anim prologue_2 
anim prologue_3 
anim prologue_keyboard_1 
anim prologue_keyboard_2 
anim prologue_keyboard_3 
anim prologue_keyboard_4 
anim prologue_keyboard_monitor_1 
anim prologue_keyboard_monitor_2 
anim prologue_keyboard_monitor_3 
anim prologue_keyboard_monitor_4 
anim prologue_monitor_1 
anim prologue_monitor_2 
anim prologue_monitor_3 
anim prologue_monitor_4 
anim snow 
anim stars_1 
anim stars_3 
anim_digi 
anim_exhausted 
anim_grain 
anim_intro_recall 
anim_laptop 
anim_square_party 
anim_square_preparty 
anim_underwater 
ase_clear 
ba em1 uniform 
ba evil uniform 
ba normal uniform 
ba smile uniform 
backdrop_back 
backdrop_new 
backdrop_text 
believe_in_pain 
bg black 
bg bus_stop 
bg ext_adductius 
bg ext_admins_day 
bg ext_admins_night 
bg ext_admins_rain 
bg ext_aidpost2_sunset 
bg ext_aidpost_day 
bg ext_aidpost_night 
bg ext_aidpost_sunset 
bg ext_bathhouse_day 
bg ext_bathhouse_night 
bg ext_beach2_day 
bg ext_beach_day 
bg ext_beach_night 
bg ext_beach_sunset 
bg ext_boathouse_day 
bg ext_boathouse_night 
bg ext_bus 
bg ext_bus1 
bg ext_bus_night 
bg ext_camp_entrance_day 
bg ext_camp_entrance_night 
bg ext_city_night 
bg ext_clubs_day 
bg ext_clubs_night 
bg ext_clubs_sunset_rain 
bg ext_dining_hall_away_day 
bg ext_dining_hall_away_night 
bg ext_dining_hall_away_night_uvao1 
bg ext_dining_hall_away_night_uvao2 
bg ext_dining_hall_away_sunset 
bg ext_dining_hall_near_day 
bg ext_dining_hall_near_night 
bg ext_dining_hall_near_snowy_day 
bg ext_dining_hall_near_sunset 
bg ext_earth 
bg ext_entrance_night_clear 
bg ext_entrance_night_clear_closed 
bg ext_entrance_winter 
bg ext_house_of_dv_day 
bg ext_house_of_dv_night 
bg ext_house_of_mt_day 
bg ext_house_of_mt_night 
bg ext_house_of_mt_night_without_light 
bg ext_house_of_mt_snowy_day 
bg ext_house_of_mt_sunset 
bg ext_house_of_sl_day 
bg ext_house_of_un_day 
bg ext_house_of_un_night 
bg ext_houses_day 
bg ext_houses_night 
bg ext_houses_rainy_day 
bg ext_houses_snowy_day 
bg ext_houses_sunset 
bg ext_island_day 
bg ext_island_night 
bg ext_lake_day 
bg ext_lake_night 
bg ext_lake_sunset 
bg ext_lib_sunset 
bg ext_library_day 
bg ext_library_night 
bg ext_musclub_day 
bg ext_musclub_night 
bg ext_musclub_snowy_day 
bg ext_mv2 
bg ext_night_sky 
bg ext_no_bus 
bg ext_no_bus_night 
bg ext_no_bus_sunset 
bg ext_old_building_day 
bg ext_old_building_night 
bg ext_old_building_night_moonlight 
bg ext_path2_day 
bg ext_path2_night 
bg ext_path_day 
bg ext_path_night 
bg ext_path_sunset 
bg ext_playground2 
bg ext_playground_day 
bg ext_playground_night 
bg ext_polyana_day 
bg ext_polyana_night 
bg ext_polyana_sunset 
bg ext_road_day 
bg ext_road_night 
bg ext_road_night2 
bg ext_road_sunset 
bg ext_seashore 
bg ext_shower_day 
bg ext_sky 
bg ext_sky2 
bg ext_square_day 
bg ext_square_day_city 
bg ext_square_night 
bg ext_square_night_flash 
bg ext_square_night_party 
bg ext_square_night_party2 
bg ext_square_rain_day 
bg ext_square_sunset 
bg ext_square_sunset2 
bg ext_square_sunset3 
bg ext_stage_big_clear_day 
bg ext_stage_big_night 
bg ext_stage_big_sunset 
bg ext_stage_near_clear 
bg ext_stage_normal_day 
bg ext_stage_normal_night 
bg ext_stand3 
bg ext_stand_3_night 
bg ext_stand_3_prolog 
bg ext_stand_3_sunset 
bg ext_stand_pr 
bg ext_tennis_court 
bg ext_un_hideout_day 
bg ext_un_hideout_night 
bg ext_un_hideout_sunset 
bg ext_un_house_with_un 
bg ext_underwater 
bg ext_volley_court 
bg ext_warehouse2_day 
bg ext_warehouse_blurry 
bg ext_warehouse_day 
bg ext_warehouse_night 
bg ext_washstand2_day 
bg ext_washstand_day 
bg ext_washstand_night 
bg ext_washstand_sunset 
bg ext_winter_night 
bg ext_winterpark 
bg ext_winterpark_sunset 
bg hall 
bg int_admins_window 
bg int_aidpost_day 
bg int_aidpost_day_apple 
bg int_aidpost_night 
bg int_attic 
bg int_attic_ladder 
bg int_bus 
bg int_bus_black 
bg int_bus_night 
bg int_bus_people_day 
bg int_bus_people_night 
bg int_cafee 
bg int_catacomb_door_fullbright 
bg int_catacombs_door 
bg int_catacombs_door_light2 
bg int_catacombs_entrance 
bg int_catacombs_entrance_light 
bg int_catacombs_entrance_red 
bg int_catacombs_hole 
bg int_catacombs_living 
bg int_catacombs_living_nodoor 
bg int_chief_office 
bg int_clubs_dj 
bg int_clubs_dj_night 
bg int_clubs_dj_night_nolight 
bg int_clubs_male2_night 
bg int_clubs_male2_night_nolight 
bg int_clubs_male_day 
bg int_clubs_male_sunset 
bg int_concert_room 
bg int_d3_hideout 
bg int_dining_hall_day 
bg int_dining_hall_night 
bg int_dining_hall_people_day 
bg int_dining_hall_people_rain 
bg int_dining_hall_rain 
bg int_dining_hall_sunset 
bg int_epilogue_bg 
bg int_extra_house 
bg int_extra_house_day 
bg int_hence_day 
bg int_hence_night 
bg int_home_lift 
bg int_house_of_dv_day 
bg int_house_of_dv_night 
bg int_house_of_mt_day 
bg int_house_of_mt_night 
bg int_house_of_mt_night2 
bg int_house_of_mt_noitem_night 
bg int_house_of_mt_sunset 
bg int_house_of_sl_day 
bg int_house_of_un_day 
bg int_house_of_un_night 
bg int_intro_liaz 
bg int_kitchen_day 
bg int_liaz 
bg int_library_day 
bg int_library_night 
bg int_library_night2 
bg int_looney_bin 
bg int_looney_bin_nightmare 
bg int_mine 
bg int_mine_coalface 
bg int_mine_crossroad 
bg int_mine_crossroad_matches 
bg int_mine_door 
bg int_mine_exit_day 
bg int_mine_exit_night_light 
bg int_mine_exit_night_nolight 
bg int_mine_exit_night_torch 
bg int_mine_halt 
bg int_mine_halt_left 
bg int_mine_heart 
bg int_mine_room 
bg int_mine_room2 
bg int_mine_room_red 
bg int_mine_water 
bg int_mines_halt_spotlight 
bg int_musclub_day 
bg int_old_building_day_uvao 
bg int_old_building_night 
bg int_plats 
bg int_sam_house_clean 
bg int_shed_day 
bg int_shed_night 
bg int_sleep_hentai_office 
bg int_sleep_hentai_office2 
bg int_sport 
bg int_sporthall_day 
bg int_sporthall_night 
bg int_store 
bg int_toilet 
bg intro_xx 
bg map 
bg map_alt1 
bg map_alt2 
bg semen_room 
bg semen_room_window 
bg white 
black 
blackout 
blackout2 
blackout_exh 
blackout_exh2 
blackout_exh3 
blind1_1 
blind1_2 
blind2_1 
blind2_2 
blind3_1 
blind3_2 
blind4_1 
blind4_2 
blind4_3 
blind4_4 
blink 
blinking 
bush_bottom_central 
bush_frame 
bush_left_bottom 
bush_left_central 
bush_left_top 
bush_right_bottom 
bush_right_central 
bush_right_top 
cam_ui 
candle 
cg d1_food_normal 
cg d1_food_skolop 
cg d1_grasshopper 
cg d1_me_dahell 
cg d1_mi_bus 
cg d1_mi_dv_bus 
cg d1_rena_sunset 
cg d1_sl_dinner 
cg d1_sl_dinner_0 
cg d1_sl_dinner_0_day 
cg d1_sl_dinner_day 
cg d1_un_book 
cg d1_un_book0 
cg d1_uv 
cg d1_uv_2 
cg d1_uv_bus 
cg d2_2ch_beach 
cg d2_dv_boat_day 
cg d2_lineup 
cg d2_micu_lib 
cg d2_miku_piano 
cg d2_miku_piano2 
cg d2_mirror 
cg d2_mt_slack 
cg d2_mt_undressed 
cg d2_mt_undressed_2 
cg d2_sl_swim 
cg d2_slavya_forest 
cg d2_sovenok 
cg d2_un_kissing 
cg d2_un_knees 
cg d2_un_owlet_pioneer 
cg d2_us_boat_escape 
cg d2_us_soccer_sunset 
cg d2_ussr_falling 
cg d2_water_dan 
cg d3_disco 
cg d3_disco_no_un 
cg d3_dv_alice_dj80 
cg d3_dv_guitar 
cg d3_dv_scene_1 
cg d3_dv_scene_2 
cg d3_me_mirror_bordo 
cg d3_me_mirror_white 
cg d3_sl_bath_unplaited 
cg d3_sl_bathhouse 
cg d3_sl_dance 
cg d3_sl_dance_bordo 
cg d3_sl_evening 
cg d3_sl_library 
cg d3_sl_tease 
cg d3_sl_tease2 
cg d3_soccer 
cg d3_un_dance 
cg d3_un_dance_bordo 
cg d3_un_forest 
cg d3_us_dinner 
cg d3_us_library_1 
cg d3_us_library_2 
cg d3_us_library_3 
cg d3_us_library_4 
cg d3_ussr_catched 
cg d4_catac 
cg d4_catac_dv 
cg d4_catac_sl 
cg d4_catac_un 
cg d4_catac_us 
cg d4_catac_us_2 
cg d4_dv_mt 
cg d4_dv_night_new 
cg d4_el_wash 
cg d4_fz_camping 
cg d4_fz_catac_dv 
cg d4_fz_catac_el 
cg d4_fz_catac_sl 
cg d4_fz_catac_un 
cg d4_fz_un_reject 
cg d4_fz_un_sleep 
cg d4_hatch_night 
cg d4_hatch_night_open 
cg d4_lineup_no_un 
cg d4_mi_dissapear1 
cg d4_mi_dissapear2 
cg d4_mi_dj_dancing 
cg d4_mi_dj_lib 
cg d4_mi_dj_lib0 
cg d4_mi_guitar 
cg d4_mi_guitar_club 
cg d4_mi_guitar_moon 
cg d4_mi_lineup 
cg d4_mi_sing 
cg d4_mi_sup 
cg d4_sh_met 
cg d4_sh_sit 
cg d4_sh_stay 
cg d4_sl_dnd 
cg d4_sl_sleep 
cg d4_sl_sleeping 
cg d4_un_7dl 
cg d4_un_night_new 
cg d4_us_cancer 
cg d4_us_morning 
cg d4_uv 
cg d4_uv_1 
cg d4_uv_bunker_hentai 
cg d4_uv_pioner_lib_hiding 
cg d4_volley_rage 
cg d5_boat 
cg d5_boat_2 
cg d5_boat_night_solo 
cg d5_cake 
cg d5_clubs_robot 
cg d5_cs 
cg d5_dv_argue 
cg d5_dv_argue_2 
cg d5_dv_argue_3 
cg d5_dv_island 
cg d5_dv_us_wash 
cg d5_dv_us_wash_2 
cg d5_dv_us_wash_3 
cg d5_dv_us_wash_4 
cg d5_me_Alisa 
cg d5_mi 
cg d5_mi_conv 
cg d5_mt_redress 
cg d5_rainy_idle 
cg d5_sh_us 
cg d5_sl_bed 
cg d5_sl_bench 
cg d5_sl_kissing 
cg d5_sl_moon 
cg d5_sl_sleep 
cg d5_sl_sleep_2 
cg d5_sl_swimming 
cg d5_strawberry_race 
cg d5_un_7dl_bed 
cg d5_un_7dl_boat 
cg d5_un_7dl_film 
cg d5_un_cunni 
cg d5_un_island 
cg d5_un_rape_scene 
cg d5_un_sleep 
cg d5_us_ghost 
cg d5_us_ghost_2 
cg d5_us_kiss 
cg d5_us_sit 
cg d5_uv 
cg d5_uv_2 
cg d5_uv_photo_city 
cg d5_uv_photo_galaxy 
cg d6_dance_alt 
cg d6_dv_dance 
cg d6_dv_fight 
cg d6_dv_fight_2 
cg d6_dv_fight_3 
cg d6_dv_hentai 
cg d6_dv_hentai_2 
cg d6_mi_boat 
cg d6_mi_farewell 
cg d6_mi_morning 
cg d6_mi_swimming 
cg d6_pioneer 
cg d6_sl_clean 
cg d6_sl_forest 
cg d6_sl_forest_2 
cg d6_sl_hentai_1 
cg d6_sl_hentai_2 
cg d6_sl_swim 
cg d6_sl_zettai 
cg d6_un_evening_0 
cg d6_un_evening_0_1 
cg d6_un_evening_0_2 
cg d6_un_evening_1 
cg d6_un_evening_2 
cg d6_un_evening_3 
cg d6_un_punch 
cg d6_us_film 
cg d6_us_night_2 
cg d6_uv 
cg d6_uv_2 
cg d6_uv_angry_dv 
cg d7_dv 
cg d7_dv_2 
cg d7_dv_alice_dj 
cg d7_dv_bed 
cg d7_dv_ep_red 
cg d7_dv_epilogue_bus 
cg d7_dv_epilogue_kissing 
cg d7_dv_noir 
cg d7_dv_rf_reject 
cg d7_frozen 
cg d7_leaving_no_sl 
cg d7_leaving_no_sl_sam 
cg d7_mi_epilogue 
cg d7_mi_farewell 
cg d7_mi_hugs 
cg d7_mi_letter 
cg d7_mi_letter_rain 
cg d7_mi_letter_rain_tears 
cg d7_mi_neutral 
cg d7_mi_ramen 
cg d7_mi_reenter 
cg d7_mt_n2gether 
cg d7_pioneers_leaving 
cg d7_pioneers_leaving_without_us 
cg d7_sh_ai_4eva 
cg d7_sl_gonna_be_ok 
cg d7_sl_morning 
cg d7_sl_morning_2 
cg d7_trio 
cg d7_un_epilogue 
cg d7_un_epilogue_bad 
cg d7_un_epilogue_bad2 
cg d7_un_epilogue_d1 
cg d7_un_epilogue_d2 
cg d7_un_hentai 
cg d7_un_hentai_3 
cg d7_un_met 
cg d7_un_reanimation 
cg d7_un_suicide 
cg d7_uv 
cg d7_walkman 
cg day4_us_morning 
cg epilogue_dv_2 
cg epilogue_dv_3 
cg epilogue_mi_1 
cg epilogue_mi_2 
cg epilogue_mi_3 
cg epilogue_mi_4 
cg epilogue_mi_5 
cg epilogue_mi_6 
cg epilogue_mi_7 
cg epilogue_mi_8 
cg epilogue_mi_9 
cg epilogue_sl 
cg epilogue_sl_2 
cg epilogue_un 
cg epilogue_un_bad 
cg epilogue_un_good 
cg epilogue_us 
cg epilogue_us_3_a 
cg epilogue_us_alone 
cg epilogue_uv 
cg epilogue_uv_2 
cg epilogue_uv_3 
cg final_all_2 
cg lvl_1 
cg lvl_2_lena_win 
cg lvl_2_semen_win 
cg lvl_4_semen_win 
cg miku_h_1_cenz 
cg miku_h_2_cenz 
cg uvao_h_cenz 
comix3 
comix4 
cotocomb_lighter 
credits 
cs badgirl2 
cs badgirl2 close 
cs badgirl2 far 
cs badgirl2 glasses 
cs badgirl3 
cs badgirl3 close 
cs badgirl3 far 
cs badgirl3 glasses_over 
cs badgirl3 glasses_over close 
cs badgirl3 glasses_over far 
cs doubt2 
cs doubt2 close 
cs doubt2 far 
cs doubt2 glasses_over 
cs doubt2 glasses_over close 
cs doubt2 glasses_over far 
cs doubt2 glasses_thr 
cs doubt2 glasses_thr close 
cs doubt2 glasses_thr far 
cs doubt3 
cs doubt3 close 
cs doubt3 far 
cs fear2 
cs fear2 close 
cs fear2 far 
cs fear2 glasses_thr 
cs fear2 glasses_thr close 
cs fear2 glasses_thr far 
cs grin 
cs important 
cs important close 
cs laugh 
cs laugh close 
cs laugh far 
cs laugh2 
cs laugh2 close 
cs laugh2 far 
cs laugh2 glasses_over 
cs laugh2 glasses_over close 
cs laugh2 glasses_over far 
cs laugh2 glasses_thr 
cs laugh2 glasses_thr close 
cs laugh2 glasses_thr far 
cs laugh3 
cs laugh3 close 
cs laugh3 far 
cs normal 
cs normal close 
cs normal far 
cs normal glasses 
cs normal glasses close 
cs normal glasses far 
cs normal glasses_over 
cs normal glasses_over close 
cs normal glasses_over far 
cs normal stethoscope 
cs normal stethoscope close 
cs normal stethoscope far 
cs normal2 
cs normal2 close 
cs normal2 far 
cs normal2 glasses_over 
cs normal2 glasses_over close 
cs normal2 glasses_over far 
cs normal2 glasses_thr 
cs normal2 glasses_thr close 
cs normal2 glasses_thr far 
cs normal3 
cs normal3 close 
cs normal3 far 
cs normal3 glasses_over 
cs normal3 glasses_over close 
cs normal3 glasses_over far 
cs shy 
cs shy close 
cs shy far 
cs shy glasses 
cs shy glasses close 
cs shy glasses far 
cs shy stethoscope 
cs shy stethoscope close 
cs shy stethoscope far 
cs shy2 
cs shy2 close 
cs shy2 far 
cs smile 
cs smile close 
cs smile far 
cs smile glasses 
cs smile glasses close 
cs smile glasses far 
cs smile stethoscope 
cs smile stethoscope close 
cs smile stethoscope far 
cs smile2 
cs smile2 close 
cs smile2 far 
cs smile2 glasses_over 
cs smile2 glasses_over close 
cs smile2 glasses_over far 
cs smile2 glasses_thr 
cs smile2 glasses_thr close 
cs smile2 glasses_thr far 
cs smile3 
cs smile3 close 
cs smile3 far 
ctc_animation 
ctc_animation_nvl 
ctc_animation_nvl_shifted 
d4_cat_door_frame 
d6_miku_cries 
disclaimer 
dreamgirl_overlay 
dv angry body 
dv angry body close 
dv angry pioneer 
dv angry pioneer close 
dv angry pioneer far 
dv angry pioneer2 
dv angry pioneer2 close 
dv angry pioneer2 far 
dv angry sport 
dv cry body 
dv cry body close 
dv cry dress 
dv cry pioneer 
dv cry pioneer close 
dv cry pioneer far 
dv cry pioneer2 
dv cry pioneer2 close 
dv cry pioneer2 far 
dv cry sport 
dv cry swim 
dv cry swim close 
dv cry swim far 
dv grin body 
dv grin body close 
dv grin pioneer 
dv grin pioneer close 
dv grin pioneer far 
dv grin pioneer2 
dv grin pioneer2 close 
dv grin pioneer2 far 
dv grin sport 
dv grin swim 
dv grin swim close 
dv grin swim far 
dv guilty body 
dv guilty body close 
dv guilty dress 
dv guilty pioneer 
dv guilty pioneer close 
dv guilty pioneer far 
dv guilty pioneer2 
dv guilty pioneer2 close 
dv guilty pioneer2 far 
dv guilty sport 
dv laugh body 
dv laugh body close 
dv laugh dress 
dv laugh dress far 
dv laugh dress pregnant 
dv laugh pioneer 
dv laugh pioneer close 
dv laugh pioneer far 
dv laugh pioneer2 
dv laugh pioneer2 close 
dv laugh pioneer2 far 
dv laugh sport 
dv laugh sport far 
dv laugh swim 
dv laugh swim close 
dv laugh swim far 
dv laugh winter 
dv neko veryfar 
dv normal body 
dv normal body close 
dv normal dress 
dv normal dress far 
dv normal dress pregnant 
dv normal flipped 
dv normal flipped far 
dv normal pioneer 
dv normal pioneer close 
dv normal pioneer far 
dv normal pioneer2 
dv normal pioneer2 close 
dv normal pioneer2 far 
dv normal sport 
dv normal sport far 
dv normal swim 
dv normal swim close 
dv normal swim far 
dv normal winter 
dv rage body 
dv rage body close 
dv rage pioneer 
dv rage pioneer close 
dv rage pioneer far 
dv rage pioneer2 
dv rage pioneer2 close 
dv rage pioneer2 far 
dv rage sport 
dv sad body 
dv sad body close 
dv sad dress 
dv sad pioneer 
dv sad pioneer close 
dv sad pioneer far 
dv sad pioneer2 
dv sad pioneer2 close 
dv sad pioneer2 far 
dv sad sport 
dv scared body 
dv scared body close 
dv scared dress 
dv scared pioneer 
dv scared pioneer close 
dv scared pioneer far 
dv scared pioneer2 
dv scared pioneer2 close 
dv scared pioneer2 far 
dv scared sport 
dv scared swim 
dv scared swim close 
dv scared swim far 
dv shocked body 
dv shocked body close 
dv shocked dress 
dv shocked pioneer 
dv shocked pioneer close 
dv shocked pioneer far 
dv shocked pioneer2 
dv shocked pioneer2 close 
dv shocked pioneer2 far 
dv shocked sport 
dv shocked swim 
dv shocked swim close 
dv shocked swim far 
dv shy body 
dv shy body close 
dv shy dress 
dv shy pioneer 
dv shy pioneer close 
dv shy pioneer far 
dv shy pioneer2 
dv shy pioneer2 close 
dv shy pioneer2 far 
dv shy sport 
dv smile body 
dv smile body close 
dv smile dress 
dv smile dress far 
dv smile dress pregnant 
dv smile pioneer 
dv smile pioneer close 
dv smile pioneer far 
dv smile pioneer2 
dv smile pioneer2 close 
dv smile pioneer2 far 
dv smile sport 
dv smile sport far 
dv smile swim 
dv smile swim close 
dv smile swim far 
dv smile winter 
dv soft smile dress 
dv soft smile dress pregnant 
dv soft smile pioneer 
dv soft smile pioneer2 
dv soft smile sport 
dv surprise body 
dv surprise body close 
dv surprise dress 
dv surprise pioneer 
dv surprise pioneer close 
dv surprise pioneer far 
dv surprise pioneer2 
dv surprise pioneer2 close 
dv surprise pioneer2 far 
dv surprise sport 
dv surprise swim 
dv surprise swim close 
dv surprise swim far 
dv tr1 
dv tr2 
dv tr21 
dv tr22 
dv tr23 
dv tr3 
dv tr4 
dv_bad 
dv_good 
dv_mt 
dv_playon 
dv_shade 
dv_us_volley 
dvsem_el 
el angry pioneer 
el angry pioneer close 
el angry pioneer far 
el fingal pioneer 
el fingal pioneer close 
el fingal pioneer far 
el grin pioneer 
el grin pioneer close 
el grin pioneer far 
el laugh pioneer 
el laugh pioneer close 
el laugh pioneer far 
el normal pioneer 
el normal pioneer close 
el normal pioneer far 
el pioneer normal veryfar 
el pioneer sad veryfar 
el pioneer scared veryfar 
el pioneer slap 
el pioneer surprise veryfar 
el sad pioneer 
el sad pioneer close 
el sad pioneer far 
el scared pioneer 
el scared pioneer close 
el scared pioneer far 
el serious pioneer 
el serious pioneer close 
el serious pioneer far 
el shocked pioneer 
el shocked pioneer close 
el shocked pioneer far 
el smile pioneer 
el smile pioneer close 
el smile pioneer far 
el surprise pioneer 
el surprise pioneer close 
el surprise pioneer far 
el upset pioneer 
el upset pioneer close 
el upset pioneer far 
eye_s 
frame 
ftl_anim 
gameover 
genda_portrait 
guitar all 
guitar scene 
guitar some 
heavy_snow 
intro_dr 
intro_herc 
intro_loki 
intro_transparent 
laptop 
laptop_dv_bad 
laptop_dv_bad_dr 
laptop_dv_bad_herc 
laptop_dv_bad_loki 
laptop_mi_anyone 
laptop_prologue 
laptop_un_epilogue 
laptop_un_epilogue_dr 
laptop_un_epilogue_herc 
laptop_un_epilogue_loki 
ldb_blind 
logo_day 
logo_night 
logo_sunset 
main_bad 
main_good 
match_lights 
me_playon 
mi 
mi angry dress platinum 
mi angry pioneer 
mi angry pioneer close 
mi angry pioneer far 
mi angry pioneer platinum 
mi angry swim 
mi angry swim close 
mi angry swim far 
mi angry voca 
mi angry voca far 
mi cry pioneer 
mi cry pioneer close 
mi cry pioneer far 
mi cry swim 
mi cry swim close 
mi cry swim far 
mi cry voca 
mi cry voca far 
mi cry_smile casual 
mi cry_smile casual far 
mi cry_smile pioneer 
mi cry_smile pioneer close 
mi cry_smile pioneer far 
mi cry_smile swim 
mi cry_smile swim close 
mi cry_smile swim far 
mi cry_smile voca 
mi cry_smile voca far 
mi dontlike pioneer 
mi dontlike pioneer close 
mi dontlike pioneer far 
mi dontlike swim 
mi dontlike swim close 
mi dontlike swim far 
mi dontlike voca 
mi dontlike voca far 
mi grin casual 
mi grin casual far 
mi grin pioneer 
mi grin pioneer close 
mi grin pioneer far 
mi grin pioneer platinum 
mi grin swim 
mi grin swim close 
mi grin swim far 
mi grin voca 
mi grin voca far 
mi happy casual 
mi happy casual far 
mi happy pioneer 
mi happy pioneer blond 
mi happy pioneer close 
mi happy pioneer far 
mi happy pioneer platinum 
mi happy pioneer red 
mi happy swim 
mi happy swim close 
mi happy swim far 
mi happy voca 
mi happy voca far 
mi laugh pioneer 
mi laugh pioneer close 
mi laugh pioneer far 
mi laugh swim 
mi laugh swim close 
mi laugh swim far 
mi laugh voca 
mi laugh voca far 
mi neko veryfar 
mi normal dress 
mi normal dress platinum 
mi normal pioneer 
mi normal pioneer close 
mi normal pioneer far 
mi normal pioneer platinum 
mi normal swim 
mi normal swim close 
mi normal swim far 
mi normal voca 
mi normal voca far 
mi rage pioneer 
mi rage pioneer close 
mi rage pioneer far 
mi rage swim 
mi rage swim close 
mi rage swim far 
mi rage voca 
mi rage voca far 
mi sad casual 
mi sad casual far 
mi sad pioneer 
mi sad pioneer close 
mi sad pioneer far 
mi sad pioneer platinum 
mi sad swim 
mi sad swim close 
mi sad swim far 
mi sad voca 
mi sad voca far 
mi scared pioneer 
mi scared pioneer close 
mi scared pioneer far 
mi scared swim 
mi scared swim close 
mi scared swim far 
mi scared voca 
mi scared voca far 
mi serious dress 
mi serious dress platinum 
mi serious pioneer 
mi serious pioneer close 
mi serious pioneer far 
mi serious pioneer platinum 
mi serious swim 
mi serious swim close 
mi serious swim far 
mi serious voca 
mi serious voca far 
mi shocked pioneer 
mi shocked pioneer close 
mi shocked pioneer far 
mi shocked swim 
mi shocked swim close 
mi shocked swim far 
mi shocked voca 
mi shocked voca far 
mi shy pioneer 
mi shy pioneer close 
mi shy pioneer far 
mi shy swim 
mi shy swim close 
mi shy swim far 
mi shy voca 
mi shy voca far 
mi smile casual 
mi smile casual far 
mi smile dress 
mi smile dress platinum 
mi smile pioneer 
mi smile pioneer close 
mi smile pioneer far 
mi smile pioneer platinum 
mi smile pioneer red 
mi smile swim 
mi smile swim close 
mi smile swim far 
mi smile voca 
mi smile voca far 
mi smile2 pioneer 
mi surprise pioneer 
mi surprise pioneer close 
mi surprise pioneer far 
mi surprise swim 
mi surprise swim close 
mi surprise swim far 
mi surprise voca 
mi surprise voca far 
mi upset dress 
mi upset dress platinum 
mi upset pioneer 
mi upset pioneer close 
mi upset pioneer far 
mi upset pioneer platinum 
mi upset swim 
mi upset swim close 
mi upset swim far 
mi upset voca 
mi upset voca far 
mi_playon 
mi_ru 
miku_paper 
miku_rock 
miku_scissor 
mt angry dress 
mt angry dress close 
mt angry dress far 
mt angry panama dress 
mt angry panama dress close 
mt angry panama dress far 
mt angry panama pioneer 
mt angry panama pioneer close 
mt angry panama pioneer far 
mt angry panama swim 
mt angry panama swim close 
mt angry panama swim far 
mt angry pioneer 
mt angry pioneer close 
mt angry pioneer far 
mt angry swim 
mt angry swim close 
mt angry swim far 
mt angry swim2 
mt feared dress 
mt feared panama pioneer 
mt feared pioneer 
mt feared swim2 
mt grin panama pioneer 
mt grin panama pioneer close 
mt grin panama pioneer far 
mt grin pioneer 
mt grin pioneer close 
mt grin pioneer far 
mt grin swim2 
mt laugh panama pioneer 
mt laugh panama pioneer close 
mt laugh panama pioneer far 
mt laugh pioneer 
mt laugh pioneer close 
mt laugh pioneer far 
mt laugh swim2 
mt normal dress 
mt normal dress close 
mt normal dress far 
mt normal panama dress 
mt normal panama dress close 
mt normal panama dress far 
mt normal panama pioneer 
mt normal panama pioneer close 
mt normal panama pioneer far 
mt normal panama swim 
mt normal panama swim close 
mt normal panama swim far 
mt normal pioneer 
mt normal pioneer close 
mt normal pioneer far 
mt normal sport 
mt normal swim 
mt normal swim close 
mt normal swim far 
mt normal swim2 
mt pioneer angry veryfar 
mt pioneer normal veryfar 
mt pioneer scared3 veryfar 
mt pioneer surprise veryfar 
mt rage dress 
mt rage dress close 
mt rage dress far 
mt rage panama dress 
mt rage panama dress close 
mt rage panama dress far 
mt rage panama pioneer 
mt rage panama pioneer close 
mt rage panama pioneer far 
mt rage panama swim 
mt rage panama swim close 
mt rage panama swim far 
mt rage pioneer 
mt rage pioneer close 
mt rage pioneer far 
mt rage swim 
mt rage swim close 
mt rage swim far 
mt rage swim2 
mt sad dress 
mt sad dress close 
mt sad dress far 
mt sad panama dress 
mt sad panama dress close 
mt sad panama dress far 
mt sad panama pioneer 
mt sad panama pioneer close 
mt sad panama pioneer far 
mt sad panama swim 
mt sad panama swim close 
mt sad panama swim far 
mt sad pioneer 
mt sad pioneer close 
mt sad pioneer far 
mt sad sport 
mt sad swim 
mt sad swim close 
mt sad swim far 
mt sad swim2 
mt scared pioneer 
mt scared3 panama pioneer 
mt shocked pioneer 
mt shocked swim2 
mt smile dress 
mt smile dress close 
mt smile dress far 
mt smile panama dress 
mt smile panama dress close 
mt smile panama dress far 
mt smile panama pioneer 
mt smile panama pioneer close 
mt smile panama pioneer far 
mt smile panama swim 
mt smile panama swim close 
mt smile panama swim far 
mt smile pioneer 
mt smile pioneer close 
mt smile pioneer far 
mt smile sport 
mt smile swim 
mt smile swim close 
mt smile swim far 
mt smile swim2 
mt smile_g dress 
mt smile_g pioneer 
mt smile_g sport 
mt smile_g swim2 
mt surprise dress 
mt surprise dress close 
mt surprise dress far 
mt surprise panama dress 
mt surprise panama dress close 
mt surprise panama dress far 
mt surprise panama pioneer 
mt surprise panama pioneer close 
mt surprise panama pioneer far 
mt surprise panama swim 
mt surprise panama swim close 
mt surprise panama swim far 
mt surprise pioneer 
mt surprise pioneer close 
mt surprise pioneer far 
mt surprise sport 
mt surprise swim 
mt surprise swim close 
mt surprise swim far 
mt surprise swim2 
mt_bus 
mt_shade 
myst_mh 
mz angry glasses pioneer 
mz angry glasses pioneer close 
mz angry glasses pioneer far 
mz angry pioneer 
mz angry pioneer close 
mz angry pioneer far 
mz bukal glasses pioneer 
mz bukal glasses pioneer close 
mz bukal glasses pioneer far 
mz bukal pioneer 
mz bukal pioneer close 
mz bukal pioneer far 
mz laugh glasses pioneer 
mz laugh glasses pioneer close 
mz laugh glasses pioneer far 
mz laugh pioneer 
mz laugh pioneer close 
mz laugh pioneer far 
mz normal glasses pioneer 
mz normal glasses pioneer close 
mz normal glasses pioneer far 
mz normal pioneer 
mz normal pioneer close 
mz normal pioneer far 
mz rage glasses pioneer 
mz rage glasses pioneer close 
mz rage glasses pioneer far 
mz rage pioneer 
mz rage pioneer close 
mz rage pioneer far 
mz shy glasses pioneer 
mz shy glasses pioneer close 
mz shy glasses pioneer far 
mz shy pioneer 
mz shy pioneer close 
mz shy pioneer far 
mz smile glasses pioneer 
mz smile glasses pioneer close 
mz smile glasses pioneer far 
mz smile pioneer 
mz smile pioneer close 
mz smile pioneer far 
mz_playon 
mz_shade 
name_dv 
name_mi 
name_mt 
name_sl 
name_un 
name_us 
op_back 
op_dv 
op_mi 
op_sl 
op_un 
op_us 
op_uv 
op_uv1 
op_uv2 
op_uv3 
owl 
pi 
pi close 
pi far 
pi smile 
prologue_dream 
rain_overlay 
sam_paper 
sam_rock 
sam_scissor 
scenery 
scenery2 
scenery3 
sh angry bar 
sh angry bar close 
sh angry bar far 
sh angry bar veryfar 
sh angry bar2 close 
sh angry bar3 
sh angry bar3 far 
sh angry bar3 veryfar 
sh cry 
sh cry close 
sh cry far 
sh cry pioneer 
sh cry pioneer close 
sh cry pioneer far 
sh laugh 
sh laugh close 
sh laugh far 
sh laugh pioneer 
sh laugh pioneer close 
sh laugh pioneer far 
sh mad bar2 close 
sh normal 
sh normal close 
sh normal far 
sh normal pioneer 
sh normal pioneer close 
sh normal pioneer far 
sh normal_smile 
sh normal_smile close 
sh normal_smile far 
sh normal_smile pioneer 
sh normal_smile pioneer close 
sh normal_smile pioneer far 
sh pioneer rage veryfar 
sh pioneer scared veryfar 
sh rage 
sh rage close 
sh rage far 
sh rage pioneer 
sh rage pioneer close 
sh rage pioneer far 
sh scared 
sh scared close 
sh scared far 
sh scared pioneer 
sh scared pioneer close 
sh scared pioneer far 
sh serious 
sh serious close 
sh serious far 
sh serious pioneer 
sh serious pioneer close 
sh serious pioneer far 
sh smile 
sh smile close 
sh smile far 
sh smile pioneer 
sh smile pioneer close 
sh smile pioneer far 
sh surprise 
sh surprise close 
sh surprise far 
sh surprise pioneer 
sh surprise pioneer close 
sh surprise pioneer far 
sh upset 
sh upset close 
sh upset far 
sh upset pioneer 
sh upset pioneer close 
sh upset pioneer far 
sh_playon 
sl 25 displeased 
sl 25 displeased far 
sl 25 fear_1 
sl 25 fear_1 far 
sl 25 fear_2 
sl 25 fear_2 far 
sl 25 normal 
sl 25 normal far 
sl angry dress 
sl angry dress close 
sl angry dress far 
sl angry pioneer 
sl angry pioneer close 
sl angry pioneer far 
sl angry sport 
sl angry sport close 
sl angry sport far 
sl angry swim 
sl angry swim close 
sl angry swim far 
sl cry body 
sl cry dress 
sl cry pioneer 
sl cry swim 
sl happy dress 
sl happy dress close 
sl happy dress far 
sl happy pioneer 
sl happy pioneer close 
sl happy pioneer far 
sl happy sport 
sl happy sport close 
sl happy sport far 
sl happy swim 
sl happy swim close 
sl happy swim far 
sl laugh dress 
sl laugh dress close 
sl laugh dress far 
sl laugh pioneer 
sl laugh pioneer close 
sl laugh pioneer far 
sl laugh sport 
sl laugh sport close 
sl laugh sport far 
sl laugh swim 
sl laugh swim close 
sl laugh swim far 
sl neko veryfar 
sl normal casual 
sl normal dress 
sl normal dress close 
sl normal dress far 
sl normal flipped 
sl normal pioneer 
sl normal pioneer close 
sl normal pioneer far 
sl normal sport 
sl normal sport close 
sl normal sport far 
sl normal swim 
sl normal swim close 
sl normal swim far 
sl pioneer normal veryfar 
sl pioneer scared veryfar 
sl pioneer serious veryfar 
sl pioneer surprise veryfar 
sl sad dress 
sl sad dress close 
sl sad dress far 
sl sad pioneer 
sl sad pioneer close 
sl sad pioneer far 
sl sad sport 
sl sad sport close 
sl sad sport far 
sl sad swim 
sl sad swim close 
sl sad swim far 
sl scared dress 
sl scared dress close 
sl scared dress far 
sl scared pioneer 
sl scared pioneer close 
sl scared pioneer far 
sl scared sport 
sl scared sport close 
sl scared sport far 
sl scared swim 
sl scared swim close 
sl scared swim far 
sl serious casual 
sl serious dress 
sl serious dress close 
sl serious dress far 
sl serious flipped 
sl serious pioneer 
sl serious pioneer close 
sl serious pioneer far 
sl serious sport 
sl serious sport close 
sl serious sport far 
sl serious swim 
sl serious swim close 
sl serious swim far 
sl shy dress 
sl shy dress close 
sl shy dress far 
sl shy pioneer 
sl shy pioneer close 
sl shy pioneer far 
sl shy sport 
sl shy sport close 
sl shy sport far 
sl shy swim 
sl shy swim close 
sl shy swim far 
sl smile casual 
sl smile dress 
sl smile dress close 
sl smile dress far 
sl smile pioneer 
sl smile pioneer close 
sl smile pioneer far 
sl smile sport 
sl smile sport close 
sl smile sport far 
sl smile swim 
sl smile swim close 
sl smile swim far 
sl smile2 dress 
sl smile2 dress close 
sl smile2 dress far 
sl smile2 pioneer 
sl smile2 pioneer close 
sl smile2 pioneer far 
sl smile2 sport 
sl smile2 sport close 
sl smile2 sport far 
sl smile2 swim 
sl smile2 swim close 
sl smile2 swim far 
sl surprise dress 
sl surprise dress close 
sl surprise dress far 
sl surprise pioneer 
sl surprise pioneer close 
sl surprise pioneer far 
sl surprise sport 
sl surprise sport close 
sl surprise sport far 
sl surprise swim 
sl surprise swim close 
sl surprise swim far 
sl tender dress 
sl tender dress close 
sl tender dress far 
sl tender pioneer 
sl tender pioneer close 
sl tender pioneer far 
sl tender sport 
sl tender sport close 
sl tender sport far 
sl tender swim 
sl tender swim close 
sl tender swim far 
sl_1_dv 
sl_bad 
sl_good 
sl_opaq_dress 
sl_playon 
sl_shade 
sl_trench 
sl_trench2 
slavya_ms 
snow 
soviet_games 
spill_gray 
spill_red 
splashscreen_day 
splashscreen_night 
splashscreen_sunset 
stars 
text 
text error
text error
text error
text error
text error
text error
text error
text error
text error
text error
text error
text error
text error
text error
text error
text error
text error
text error
text error
text error
text error
text error
text error
text error
text error
text error
text error
text error
text error
text error
text error
text error
text error
text error
text error
text error
text error
timer_anim 
un angry body 
un angry body close 
un angry dress 
un angry dress close 
un angry dress far 
un angry modern 
un angry modern close 
un angry pioneer 
un angry pioneer close 
un angry pioneer far 
un angry sport 
un angry sport close 
un angry sport far 
un angry swim 
un angry swim close 
un angry swim far 
un angry2 body 
un angry2 body close 
un angry2 dress 
un angry2 dress close 
un angry2 dress far 
un angry2 pioneer 
un angry2 pioneer close 
un angry2 pioneer far 
un angry2 sleep 
un angry2 sport 
un angry2 sport close 
un angry2 sport far 
un cry body 
un cry body close 
un cry dress 
un cry dress close 
un cry dress far 
un cry pioneer 
un cry pioneer close 
un cry pioneer far 
un cry sleep 
un cry sport 
un cry sport close 
un cry sport far 
un cry swim 
un cry swim close 
un cry swim far 
un cry wet_dress 
un cry_smile body 
un cry_smile body close 
un cry_smile dress 
un cry_smile dress close 
un cry_smile dress far 
un cry_smile pioneer 
un cry_smile pioneer close 
un cry_smile pioneer far 
un cry_smile sleep 
un cry_smile sport 
un cry_smile sport close 
un cry_smile sport far 
un cry_smile swim 
un cry_smile swim close 
un cry_smile swim far 
un cry_smile wet_dress 
un evil_smile body 
un evil_smile body close 
un evil_smile dress 
un evil_smile dress close 
un evil_smile dress far 
un evil_smile pioneer 
un evil_smile pioneer close 
un evil_smile pioneer far 
un evil_smile sport 
un evil_smile sport close 
un evil_smile sport far 
un evil_smile swim 
un evil_smile swim close 
un evil_smile swim far 
un grin body 
un grin body close 
un grin dress 
un grin dress close 
un grin dress far 
un grin pioneer 
un grin pioneer close 
un grin pioneer far 
un grin sleep 
un grin sport 
un grin sport close 
un grin sport far 
un laugh body 
un laugh body close 
un laugh dress 
un laugh dress close 
un laugh dress far 
un laugh pioneer 
un laugh pioneer close 
un laugh pioneer far 
un laugh sleep 
un laugh sport 
un laugh sport close 
un laugh sport far 
un neko veryfar 
un night 
un normal body 
un normal body close 
un normal dress 
un normal dress close 
un normal dress far 
un normal modern 
un normal modern close 
un normal pioneer 
un normal pioneer close 
un normal pioneer far 
un normal pioneer red 
un normal sport 
un normal sport close 
un normal sport far 
un normal swim 
un normal swim close 
un normal swim far 
un pioneer evilsmile veryfar 
un pioneer normal veryfar 
un pioneer scared veryfar 
un pioneer serious veryfar 
un pioneer shocked veryfar 
un pioneer shy veryfar 
un pioneer surprise veryfar 
un rage body 
un rage body close 
un rage dress 
un rage dress close 
un rage dress far 
un rage pioneer 
un rage pioneer close 
un rage pioneer far 
un rage sleep 
un rage sport 
un rage sport close 
un rage sport far 
un sad body 
un sad body close 
un sad dress 
un sad dress close 
un sad dress far 
un sad pioneer 
un sad pioneer close 
un sad pioneer far 
un sad sleep 
un sad sport 
un sad sport close 
un sad sport far 
un sad swim 
un sad swim close 
un sad swim far 
un sad wet_dress 
un scared body 
un scared body close 
un scared dress 
un scared dress close 
un scared dress far 
un scared pioneer 
un scared pioneer close 
un scared pioneer far 
un scared sleep 
un scared sport 
un scared sport close 
un scared sport far 
un scared swim 
un scared swim close 
un scared swim far 
un scared wet_dress 
un serious body 
un serious body close 
un serious dress 
un serious dress anim 
un serious dress close 
un serious dress far 
un serious pioneer 
un serious pioneer close 
un serious pioneer far 
un serious sleep 
un serious sport 
un serious sport close 
un serious sport far 
un shocked body 
un shocked body close 
un shocked dress 
un shocked dress close 
un shocked dress far 
un shocked pioneer 
un shocked pioneer close 
un shocked pioneer far 
un shocked sleep 
un shocked sport 
un shocked sport close 
un shocked sport far 
un shocked swim 
un shocked swim close 
un shocked swim far 
un shocked wet_dress 
un shy body 
un shy body close 
un shy dress 
un shy dress close 
un shy dress far 
un shy modern 
un shy modern close 
un shy pioneer 
un shy pioneer close 
un shy pioneer far 
un shy sport 
un shy sport close 
un shy sport far 
un shy swim 
un shy swim close 
un shy swim far 
un smile body 
un smile body close 
un smile dress 
un smile dress close 
un smile dress far 
un smile modern 
un smile pioneer 
un smile pioneer close 
un smile pioneer far 
un smile sport 
un smile sport close 
un smile sport far 
un smile swim 
un smile swim close 
un smile swim far 
un smile2 body 
un smile2 body close 
un smile2 dress 
un smile2 dress close 
un smile2 dress far 
un smile2 modern 
un smile2 modern close 
un smile2 pioneer 
un smile2 pioneer close 
un smile2 pioneer far 
un smile2 sport 
un smile2 sport close 
un smile2 sport far 
un smile2 swim 
un smile2 swim close 
un smile2 swim far 
un smile3 body 
un smile3 body close 
un smile3 dress 
un smile3 dress close 
un smile3 dress far 
un smile3 pioneer 
un smile3 pioneer close 
un smile3 pioneer far 
un smile3 sleep 
un smile3 sport 
un smile3 sport close 
un smile3 sport far 
un sorrow modern 
un sorrow modern close 
un sorrow modern poisoned 
un surprise body 
un surprise body close 
un surprise dress 
un surprise dress close 
un surprise dress far 
un surprise pioneer 
un surprise pioneer close 
un surprise pioneer far 
un surprise pioneer red 
un surprise sleep 
un surprise sport 
un surprise sport close 
un surprise sport far 
un surprise swim 
un surprise swim close 
un surprise swim far 
un surprise wet_dress 
un tr1 
un tr2 
un tr3 
un tr4 
un_bad 
un_good 
un_playon 
un_shade 
unblink 
urhere1 
urhere10 
urhere2 
urhere3 
urhere4 
urhere5 
urhere6 
urhere7 
urhere8 
urhere9 
us angry dress 
us angry dress close 
us angry dress far 
us angry pioneer 
us angry pioneer close 
us angry pioneer far 
us angry sport 
us angry sport close 
us angry sport far 
us angry swim 
us angry swim close 
us angry swim far 
us calml dress 
us calml dress close 
us calml dress far 
us calml pioneer 
us calml pioneer close 
us calml pioneer far 
us calml sport 
us calml sport close 
us calml sport far 
us calml swim 
us calml swim close 
us calml swim far 
us cry dress 
us cry dress close 
us cry dress far 
us cry pioneer 
us cry pioneer close 
us cry pioneer far 
us cry sport 
us cry sport close 
us cry sport far 
us cry swim 
us cry swim close 
us cry swim far 
us cry2 dress 
us cry2 dress close 
us cry2 dress far 
us cry2 pioneer 
us cry2 pioneer close 
us cry2 pioneer far 
us cry2 sport 
us cry2 sport close 
us cry2 sport far 
us cry2 swim 
us cry2 swim close 
us cry2 swim far 
us dontlike dress 
us dontlike dress close 
us dontlike dress far 
us dontlike pioneer 
us dontlike pioneer close 
us dontlike pioneer far 
us dontlike sport 
us dontlike sport close 
us dontlike sport far 
us dontlike swim 
us dontlike swim close 
us dontlike swim far 
us fear dress 
us fear dress close 
us fear dress far 
us fear pioneer 
us fear pioneer close 
us fear pioneer far 
us fear sport 
us fear sport close 
us fear sport far 
us fear swim 
us fear swim close 
us fear swim far 
us grin dress 
us grin dress close 
us grin dress far 
us grin pioneer 
us grin pioneer close 
us grin pioneer far 
us grin sport 
us grin sport bear 
us grin sport close 
us grin sport far 
us grin swim 
us grin swim close 
us grin swim far 
us laugh dress 
us laugh dress close 
us laugh dress far 
us laugh pioneer 
us laugh pioneer close 
us laugh pioneer far 
us laugh sport 
us laugh sport bear 
us laugh sport close 
us laugh sport far 
us laugh swim 
us laugh swim close 
us laugh swim far 
us laugh2 dress 
us laugh2 dress close 
us laugh2 dress far 
us laugh2 pioneer 
us laugh2 pioneer close 
us laugh2 pioneer far 
us laugh2 sport 
us laugh2 sport bear 
us laugh2 sport close 
us laugh2 sport far 
us laugh2 swim 
us laugh2 swim close 
us laugh2 swim far 
us normal dress 
us normal dress close 
us normal dress far 
us normal pioneer 
us normal pioneer close 
us normal pioneer far 
us normal sport 
us normal sport bear 
us normal sport close 
us normal sport far 
us normal swim 
us normal swim close 
us normal swim far 
us sad dress 
us sad dress close 
us sad dress far 
us sad pioneer 
us sad pioneer close 
us sad pioneer far 
us sad sport 
us sad sport bear 
us sad sport close 
us sad sport far 
us sad swim 
us sad swim close 
us sad swim far 
us shy dress 
us shy dress close 
us shy dress far 
us shy pioneer 
us shy pioneer close 
us shy pioneer far 
us shy sport 
us shy sport close 
us shy sport far 
us shy swim 
us shy swim close 
us shy swim far 
us shy2 dress 
us shy2 dress close 
us shy2 dress far 
us shy2 pioneer 
us shy2 pioneer close 
us shy2 pioneer far 
us shy2 sport 
us shy2 sport close 
us shy2 sport far 
us shy2 swim 
us shy2 swim close 
us shy2 swim far 
us smile dress 
us smile dress close 
us smile dress far 
us smile pioneer 
us smile pioneer close 
us smile pioneer far 
us smile sport 
us smile sport bear 
us smile sport close 
us smile sport far 
us smile swim 
us smile swim close 
us smile swim far 
us surp1 dress 
us surp1 dress close 
us surp1 dress far 
us surp1 pioneer 
us surp1 pioneer close 
us surp1 pioneer far 
us surp1 sport 
us surp1 sport close 
us surp1 sport far 
us surp1 swim 
us surp1 swim close 
us surp1 swim far 
us surp2 dress 
us surp2 dress close 
us surp2 dress far 
us surp2 pioneer 
us surp2 pioneer close 
us surp2 pioneer far 
us surp2 sport 
us surp2 sport close 
us surp2 sport far 
us surp2 swim 
us surp2 swim close 
us surp2 swim far 
us surp3 dress 
us surp3 dress close 
us surp3 dress far 
us surp3 pioneer 
us surp3 pioneer close 
us surp3 pioneer far 
us surp3 sport 
us surp3 sport close 
us surp3 sport far 
us surp3 swim 
us surp3 swim close 
us surp3 swim far 
us upset dress 
us upset dress close 
us upset dress far 
us upset pioneer 
us upset pioneer close 
us upset pioneer far 
us upset sport 
us upset sport close 
us upset sport far 
us upset swim 
us upset swim close 
us upset swim far 
us_bad 
us_good 
us_playon 
uv black silhouette 
uv dontlike 
uv dontlike close 
uv dontlike far 
uv grin 
uv grin close 
uv grin far 
uv guilty 
uv guilty close 
uv guilty far 
uv laugh 
uv laugh close 
uv laugh far 
uv normal 
uv normal close 
uv normal far 
uv rage 
uv rage close 
uv rage far 
uv sad 
uv sad close 
uv sad far 
uv shade2 
uv shade3 
uv shade3 sized 
uv shade4 
uv shade4 sized 
uv shocked 
uv shocked close 
uv shocked far 
uv smile 
uv smile close 
uv smile far 
uv surprise 
uv surprise close 
uv surprise far 
uv surprise2 
uv surprise2 close 
uv surprise2 far 
uv upset 
uv upset close 
uv upset far 
uv_bus 
uv_city 
uv_new_hentai1 
uv_new_hentai2 
uv_unknown_fucken_shit 
uvao_d1 
volley_fight 
vtext 
wet1 
white 
widget map 
widget map_alt1 
widget map_alt2 
